******************************************************************************
                  MSP430 Linker PC v4.2.1                      
******************************************************************************
>> Linked Thu May 08 16:59:32 2014

OUTPUT FILE NAME:   <MyInsanity_Final_Project.out>
ENTRY POINT SYMBOL: "_c_int00"  address: 0000d702


MEMORY CONFIGURATION

         name            origin    length      used     unused   attr    fill
----------------------  --------  ---------  --------  --------  ----  --------
  SFR                   00000000   00000010  00000000  00000010  RWIX
  PERIPHERALS_8BIT      00000010   000000f0  00000000  000000f0  RWIX
  PERIPHERALS_16BIT     00000100   00000100  00000000  00000100  RWIX
  RAM                   00000200   00000200  00000058  000001a8  RWIX
  INFOD                 00001000   00000040  00000000  00000040  RWIX
  INFOC                 00001040   00000040  00000000  00000040  RWIX
  INFOB                 00001080   00000040  00000000  00000040  RWIX
  INFOA                 000010c0   00000040  00000000  00000040  RWIX
  FLASH                 0000c000   00003fe0  00001972  0000266e  RWIX
  INT00                 0000ffe0   00000002  00000000  00000002  RWIX
  INT01                 0000ffe2   00000002  00000000  00000002  RWIX
  INT02                 0000ffe4   00000002  00000002  00000000  RWIX
  INT03                 0000ffe6   00000002  00000002  00000000  RWIX
  INT04                 0000ffe8   00000002  00000000  00000002  RWIX
  INT05                 0000ffea   00000002  00000002  00000000  RWIX
  INT06                 0000ffec   00000002  00000002  00000000  RWIX
  INT07                 0000ffee   00000002  00000002  00000000  RWIX
  INT08                 0000fff0   00000002  00000002  00000000  RWIX
  INT09                 0000fff2   00000002  00000002  00000000  RWIX
  INT10                 0000fff4   00000002  00000002  00000000  RWIX
  INT11                 0000fff6   00000002  00000002  00000000  RWIX
  INT12                 0000fff8   00000002  00000002  00000000  RWIX
  INT13                 0000fffa   00000002  00000002  00000000  RWIX
  INT14                 0000fffc   00000002  00000002  00000000  RWIX
  RESET                 0000fffe   00000002  00000002  00000000  RWIX


SECTION ALLOCATION MAP

 output                                  attributes/
section   page    origin      length       input sections
--------  ----  ----------  ----------   ----------------
.init_array 
*          0    0000c000    00000000     UNINITIALIZED

.bss       0    00000200    00000006     UNINITIALIZED
                  00000200    00000004     (.common:str)
                  00000204    00000002     (.common:direction)

.TI.noinit 
*          0    00000200    00000000     UNINITIALIZED

.data      0    00000206    00000002     UNINITIALIZED
                  00000206    00000002     MyInsanity_Final_Project.obj (.data)

.TI.persistent 
*          0    00000206    00000000     UNINITIALIZED

.stack     0    000003b0    00000050     UNINITIALIZED
                  000003b0    00000002     rts430_eabi.lib : boot.obj (.stack)
                  000003b2    0000004e     --HOLE--

.text      0    0000c000    0000186c     
                  0000c000    00000556     MyInsanity_Final_Project.obj (.text:main)
                  0000c556    000002f8     rts430_eabi.lib : frcmpyd.obj (.text:__TI_frcmpyd)
                  0000c84e    00000256                     : mpyd.obj (.text:__mspabi_mpyd)
                  0000caa4    00000116                     : _printfi_min.obj (.text:_setfield)
                  0000cbba    000000ca                     : _printfi_min.obj (.text:__TI_printfi_minimal)
                  0000cc84    000000c2                     : fs_mpy.obj (.text)
                  0000cd46    000000b0                     : fltlid.obj (.text:__mspabi_fltlid)
                  0000cdf6    00000090     MyInsanity_Final_Project.obj (.text:setTime)
                  0000ce86    0000008a     lcdLib.obj (.text:lcdInit)
                  0000cf10    00000088     rts430_eabi.lib : fixdli.obj (.text:__mspabi_fixdli)
                  0000cf98    00000084                     : ltoa.obj (.text:ltoa)
                  0000d01c    0000007e     adcMsp.obj (.text:adc_measure)
                  0000d09a    00000068     rts430_eabi.lib : fs_toi.obj (.text)
                  0000d102    0000005e                     : copy_decompress_rle.obj (.text:__TI_decompress_rle_core)
                  0000d160    0000005e                     : autoinit.obj (.text:_auto_init)
                  0000d1be    0000005c                     : lsr32.obj (.text:l_lsr_const)
                  0000d21a    00000058                     : div32u.obj (.text)
                  0000d272    00000056                     : _printfi_min.obj (.text:_ltostr)
                  0000d2c8    0000004e                     : _printfi_min.obj (.text:_pproc_diouxp)
                  0000d316    0000004e     lcdLib.obj (.text:lcdSetText)
                  0000d364    0000004c     rts430_eabi.lib : lsr16.obj (.text)
                  0000d3b0    00000046                     : _printfi_min.obj (.text:_pproc_str)
                  0000d3f6    00000046     lcdLib.obj (.text:lcdWriteCmd)
                  0000d43c    00000046     lcdLib.obj (.text:lcdWriteData)
                  0000d482    00000040     rts430_eabi.lib : div32s.obj (.text)
                  0000d4c2    0000003e                     : asr32.obj (.text:l_asr_const)
                  0000d500    0000003e                     : lsl32.obj (.text:l_lsl_const)
                  0000d53e    00000038                     : sprintf.obj (.text:sprintf)
                  0000d576    00000036                     : fs_itof.obj (.text)
                  0000d5ac    00000032     MyInsanity_Final_Project.obj (.text:fNum)
                  0000d5de    00000032     lcdLib.obj (.text:lcdSetInt)
                  0000d610    0000002e     rts430_eabi.lib : _printfi_min.obj (.text:_getarg_diouxp)
                  0000d63e    0000002c                     : asr16.obj (.text)
                  0000d66a    0000002c                     : lsl16.obj (.text)
                  0000d696    0000002a     uartMsp.obj (.text:serial_init)
                  0000d6c0    00000026     rts430_eabi.lib : mult32.obj (.text)
                  0000d6e6    0000001c                     : memccpy.obj (.text:memccpy)
                  0000d702    0000001a                     : boot.obj (.text:_c_int00_noexit)
                  0000d71c    0000001a                     : sprintf.obj (.text:_outs)
                  0000d736    00000018                     : _printfi_min.obj (.text:_div)
                  0000d74e    00000016                     : div16u.obj (.text)
                  0000d764    00000014                     : copy_zero_init.obj (.text:decompress:ZI:__TI_zero_init)
                  0000d778    00000014                     : memset.obj (.text:memset)
                  0000d78c    00000014                     : mult16.obj (.text)
                  0000d7a0    00000012                     : sprintf.obj (.text:_outc)
                  0000d7b2    00000012     uartMsp.obj (.text:clock_init)
                  0000d7c4    00000012     rts430_eabi.lib : copy_decompress_none.obj (.text:decompress:none:__TI_decompress_none)
                  0000d7d6    00000012                     : lsr32.obj (.text:l_lsr)
                  0000d7e8    00000012                     : memcpy.obj (.text:memcpy)
                  0000d7fa    00000010                     : epilog.obj (.text)
                  0000d80a    0000000e     lcdLib.obj (.text:lcdTriggerEN)
                  0000d818    0000000e     rts430_eabi.lib : strlen.obj (.text:strlen)
                  0000d826    0000000c                     : fltid.obj (.text:__mspabi_fltid)
                  0000d832    0000000c     uartMsp.obj (.text:serial_charTX)
                  0000d83e    0000000a     rts430_eabi.lib : abs.obj (.text:abs)
                  0000d848    00000008     adcMsp.obj (.text:adc_init)
                  0000d850    00000008     lcdLib.obj (.text:lcdClear)
                  0000d858    00000006     rts430_eabi.lib : isr_trap.obj (.text:__TI_ISR_TRAP)
                  0000d85e    00000006                     : copy_decompress_rle.obj (.text:decompress:rle24:__TI_decompress_rle24)
                  0000d864    00000004                     : pre_init.obj (.text:_system_pre_init)
                  0000d868    00000004                     : exit.obj (.text:abort)

.const     0    0000d86c    000000ee     
                  0000d86c    0000006a     MyInsanity_Final_Project.obj (.const:.string)
                  0000d8d6    00000019     MyInsanity_Final_Project.obj (.const:.string:$P$T5$6)
                  0000d8ef    00000001     --HOLE-- [fill = 0]
                  0000d8f0    00000017     MyInsanity_Final_Project.obj (.const:.string:$P$T1$2)
                  0000d907    00000001     --HOLE-- [fill = 0]
                  0000d908    00000016     MyInsanity_Final_Project.obj (.const:.string:$P$T3$4)
                  0000d91e    00000014     rts430_eabi.lib : _printfi_min.obj (.const:.string)
                  0000d932    0000000d     MyInsanity_Final_Project.obj (.const:.string:$P$T2$3)
                  0000d93f    00000001     --HOLE-- [fill = 0]
                  0000d940    0000000c     MyInsanity_Final_Project.obj (.const:.string:$P$T0$1)
                  0000d94c    0000000a     MyInsanity_Final_Project.obj (.const:.string:$P$T4$5)
                  0000d956    00000004     lcdLib.obj (.const:.string)

.cinit     0    0000d95a    00000018     
                  0000d95a    00000006     (.cinit..data.load) [load image]
                  0000d960    00000006     (__TI_handler_table)
                  0000d966    00000004     (.cinit..bss.load) [load image, compression = zero_init]
                  0000d96a    00000008     (__TI_cinit_table)

PORT1      0    0000ffe4    00000002     
                  0000ffe4    00000002     rts430_eabi.lib : int02.obj (.int02)

PORT2      0    0000ffe6    00000002     
                  0000ffe6    00000002     rts430_eabi.lib : int03.obj (.int03)

ADC10      0    0000ffea    00000002     
                  0000ffea    00000002     rts430_eabi.lib : int05.obj (.int05)

USCIAB0TX 
*          0    0000ffec    00000002     
                  0000ffec    00000002     rts430_eabi.lib : int06.obj (.int06)

USCIAB0RX 
*          0    0000ffee    00000002     
                  0000ffee    00000002     rts430_eabi.lib : int07.obj (.int07)

TIMER0_A1 
*          0    0000fff0    00000002     
                  0000fff0    00000002     rts430_eabi.lib : int08.obj (.int08)

TIMER0_A0 
*          0    0000fff2    00000002     
                  0000fff2    00000002     rts430_eabi.lib : int09.obj (.int09)

WDT        0    0000fff4    00000002     
                  0000fff4    00000002     rts430_eabi.lib : int10.obj (.int10)

COMPARATORA 
*          0    0000fff6    00000002     
                  0000fff6    00000002     rts430_eabi.lib : int11.obj (.int11)

TIMER1_A1 
*          0    0000fff8    00000002     
                  0000fff8    00000002     rts430_eabi.lib : int12.obj (.int12)

TIMER1_A0 
*          0    0000fffa    00000002     
                  0000fffa    00000002     rts430_eabi.lib : int13.obj (.int13)

NMI        0    0000fffc    00000002     
                  0000fffc    00000002     rts430_eabi.lib : int14.obj (.int14)

.reset     0    0000fffe    00000002     
                  0000fffe    00000002     rts430_eabi.lib : boot.obj (.reset)


LINKER GENERATED COPY TABLES

__TI_cinit_table @ 0000d96a records: 2, size/record: 4, table size: 8
	.data: load addr=0000d95a, load size=00000006 bytes, run addr=00000206, run size=00000002 bytes, compression=copy
	.bss: load addr=0000d966, load size=00000004 bytes, run addr=00000200, run size=00000006 bytes, compression=zero_init


LINKER GENERATED HANDLER TABLE

__TI_handler_table @ 0000d960 records: 3, size/record: 2, table size: 6
	index: 0, handler: __TI_zero_init
	index: 1, handler: __TI_decompress_rle24
	index: 2, handler: __TI_decompress_none


GLOBAL SYMBOLS: SORTED ALPHABETICALLY BY Name 

address    name
--------   ----
0000004a   ADC10AE0
000001b0   ADC10CTL0
000001b2   ADC10CTL1
00000048   ADC10DTC0
00000049   ADC10DTC1
000001b4   ADC10MEM
000001bc   ADC10SA
00000057   BCSCTL1
00000058   BCSCTL2
00000053   BCSCTL3
0000d868   C$$EXIT
00000059   CACTL1
0000005a   CACTL2
000010fb   CALBC1_12MHZ
000010f9   CALBC1_16MHZ
000010ff   CALBC1_1MHZ
000010fd   CALBC1_8MHZ
000010fa   CALDCO_12MHZ
000010f8   CALDCO_16MHZ
000010fe   CALDCO_1MHZ
000010fc   CALDCO_8MHZ
0000005b   CAPD
00000056   DCOCTL
00000128   FCTL1
0000012a   FCTL2
0000012c   FCTL3
00000000   IE1
00000001   IE2
00000002   IFG1
00000003   IFG2
00000022   P1DIR
00000025   P1IE
00000024   P1IES
00000023   P1IFG
00000020   P1IN
00000021   P1OUT
00000027   P1REN
00000026   P1SEL
00000041   P1SEL2
0000002a   P2DIR
0000002d   P2IE
0000002c   P2IES
0000002b   P2IFG
00000028   P2IN
00000029   P2OUT
0000002f   P2REN
0000002e   P2SEL
00000042   P2SEL2
0000001a   P3DIR
00000018   P3IN
00000019   P3OUT
00000010   P3REN
0000001b   P3SEL
00000043   P3SEL2
00000172   TA0CCR0
00000174   TA0CCR1
00000176   TA0CCR2
00000162   TA0CCTL0
00000164   TA0CCTL1
00000166   TA0CCTL2
00000160   TA0CTL
0000012e   TA0IV
00000170   TA0R
00000192   TA1CCR0
00000194   TA1CCR1
00000196   TA1CCR2
00000182   TA1CCTL0
00000184   TA1CCTL1
00000186   TA1CCTL2
00000180   TA1CTL
0000011e   TA1IV
00000190   TA1R
0000005d   UCA0ABCTL
00000062   UCA0BR0
00000063   UCA0BR1
00000060   UCA0CTL0
00000061   UCA0CTL1
0000005f   UCA0IRRCTL
0000005e   UCA0IRTCTL
00000064   UCA0MCTL
00000066   UCA0RXBUF
00000065   UCA0STAT
00000067   UCA0TXBUF
0000006a   UCB0BR0
0000006b   UCB0BR1
00000068   UCB0CTL0
00000069   UCB0CTL1
0000006c   UCB0I2CIE
00000118   UCB0I2COA
0000011a   UCB0I2CSA
0000006e   UCB0RXBUF
0000006d   UCB0STAT
0000006f   UCB0TXBUF
00000120   WDTCTL
00000400   __STACK_END
00000050   __STACK_SIZE
0000d96a   __TI_CINIT_Base
0000d972   __TI_CINIT_Limit
0000d960   __TI_Handler_Table_Base
0000d966   __TI_Handler_Table_Limit
UNDEFED    __TI_INITARRAY_Base
UNDEFED    __TI_INITARRAY_Limit
0000d858   __TI_ISR_TRAP
00000001   __TI_args_main
0000d7c4   __TI_decompress_none
0000d85e   __TI_decompress_rle24
00000001   __TI_exit
0000c556   __TI_frcmpyd
0000ffe4   __TI_int02
0000ffe6   __TI_int03
0000ffea   __TI_int05
0000ffec   __TI_int06
0000ffee   __TI_int07
0000fff0   __TI_int08
0000fff2   __TI_int09
0000fff4   __TI_int10
0000fff6   __TI_int11
0000fff8   __TI_int12
0000fffa   __TI_int13
0000fffc   __TI_int14
0000cbba   __TI_printfi_minimal
0000d764   __TI_zero_init
ffffffff   __binit__
ffffffff   __c_args__
0000d482   __mspabi_divli
0000d74e   __mspabi_divu
0000d21a   __mspabi_divul
0000cf10   __mspabi_fixdli
0000d09a   __mspabi_fixfi
0000d826   __mspabi_fltid
0000d576   __mspabi_fltif
0000cd46   __mspabi_fltlid
0000d806   __mspabi_func_epilog_1
0000d804   __mspabi_func_epilog_2
0000d802   __mspabi_func_epilog_3
0000d800   __mspabi_func_epilog_4
0000d7fe   __mspabi_func_epilog_5
0000d7fc   __mspabi_func_epilog_6
0000d7fa   __mspabi_func_epilog_7
0000c84e   __mspabi_mpyd
0000cc84   __mspabi_mpyf
0000d78c   __mspabi_mpyi
0000d6c0   __mspabi_mpyl
0000d482   __mspabi_remli
0000d74e   __mspabi_remu
0000d21a   __mspabi_remul
0000d66a   __mspabi_slli
0000d692   __mspabi_slli_1
0000d680   __mspabi_slli_10
0000d67e   __mspabi_slli_11
0000d67c   __mspabi_slli_12
0000d67a   __mspabi_slli_13
0000d678   __mspabi_slli_14
0000d676   __mspabi_slli_15
0000d690   __mspabi_slli_2
0000d68e   __mspabi_slli_3
0000d68c   __mspabi_slli_4
0000d68a   __mspabi_slli_5
0000d688   __mspabi_slli_6
0000d686   __mspabi_slli_7
0000d684   __mspabi_slli_8
0000d682   __mspabi_slli_9
0000d538   __mspabi_slll_1
0000d514   __mspabi_slll_10
0000d510   __mspabi_slll_11
0000d50c   __mspabi_slll_12
0000d508   __mspabi_slll_13
0000d504   __mspabi_slll_14
0000d500   __mspabi_slll_15
0000d534   __mspabi_slll_2
0000d530   __mspabi_slll_3
0000d52c   __mspabi_slll_4
0000d528   __mspabi_slll_5
0000d524   __mspabi_slll_6
0000d520   __mspabi_slll_7
0000d51c   __mspabi_slll_8
0000d518   __mspabi_slll_9
0000d63e   __mspabi_srai
0000d666   __mspabi_srai_1
0000d654   __mspabi_srai_10
0000d652   __mspabi_srai_11
0000d650   __mspabi_srai_12
0000d64e   __mspabi_srai_13
0000d64c   __mspabi_srai_14
0000d64a   __mspabi_srai_15
0000d664   __mspabi_srai_2
0000d662   __mspabi_srai_3
0000d660   __mspabi_srai_4
0000d65e   __mspabi_srai_5
0000d65c   __mspabi_srai_6
0000d65a   __mspabi_srai_7
0000d658   __mspabi_srai_8
0000d656   __mspabi_srai_9
0000d4fa   __mspabi_sral_1
0000d4d6   __mspabi_sral_10
0000d4d2   __mspabi_sral_11
0000d4ce   __mspabi_sral_12
0000d4ca   __mspabi_sral_13
0000d4c6   __mspabi_sral_14
0000d4c2   __mspabi_sral_15
0000d4f6   __mspabi_sral_2
0000d4f2   __mspabi_sral_3
0000d4ee   __mspabi_sral_4
0000d4ea   __mspabi_sral_5
0000d4e6   __mspabi_sral_6
0000d4e2   __mspabi_sral_7
0000d4de   __mspabi_sral_8
0000d4da   __mspabi_sral_9
0000d364   __mspabi_srli
0000d3aa   __mspabi_srli_1
0000d386   __mspabi_srli_10
0000d382   __mspabi_srli_11
0000d37e   __mspabi_srli_12
0000d37a   __mspabi_srli_13
0000d376   __mspabi_srli_14
0000d372   __mspabi_srli_15
0000d3a6   __mspabi_srli_2
0000d3a2   __mspabi_srli_3
0000d39e   __mspabi_srli_4
0000d39a   __mspabi_srli_5
0000d396   __mspabi_srli_6
0000d392   __mspabi_srli_7
0000d38e   __mspabi_srli_8
0000d38a   __mspabi_srli_9
0000d7d6   __mspabi_srll
0000d212   __mspabi_srll_1
0000d1dc   __mspabi_srll_10
0000d1d6   __mspabi_srll_11
0000d1d0   __mspabi_srll_12
0000d1ca   __mspabi_srll_13
0000d1c4   __mspabi_srll_14
0000d1be   __mspabi_srll_15
0000d20c   __mspabi_srll_2
0000d206   __mspabi_srll_3
0000d200   __mspabi_srll_4
0000d1fa   __mspabi_srll_5
0000d1f4   __mspabi_srll_6
0000d1ee   __mspabi_srll_7
0000d1e8   __mspabi_srll_8
0000d1e2   __mspabi_srll_9
0000d160   _auto_init
0000d702   _c_int00
0000d702   _c_int00_noexit
0000fffe   _reset_vector
000003b0   _stack
0000d864   _system_pre_init
0000d868   abort
0000d83e   abs
0000d848   adc_init
0000d01c   adc_measure
ffffffff   binit
0000d7b2   clock_init
00000204   direction
0000d5ac   fNum
0000d850   lcdClear
0000ce86   lcdInit
0000d5de   lcdSetInt
0000d316   lcdSetText
0000d80a   lcdTriggerEN
0000d3f6   lcdWriteCmd
0000d43c   lcdWriteData
0000cf98   ltoa
0000c000   main
0000d6e6   memccpy
0000d7e8   memcpy
0000d778   memset
0000d832   serial_charTX
0000d696   serial_init
0000cdf6   setTime
0000d53e   sprintf
00000206   state
00000200   str
0000d818   strlen


GLOBAL SYMBOLS: SORTED BY Symbol Address 

address    name
--------   ----
00000000   IE1
00000001   IE2
00000001   __TI_args_main
00000001   __TI_exit
00000002   IFG1
00000003   IFG2
00000010   P3REN
00000018   P3IN
00000019   P3OUT
0000001a   P3DIR
0000001b   P3SEL
00000020   P1IN
00000021   P1OUT
00000022   P1DIR
00000023   P1IFG
00000024   P1IES
00000025   P1IE
00000026   P1SEL
00000027   P1REN
00000028   P2IN
00000029   P2OUT
0000002a   P2DIR
0000002b   P2IFG
0000002c   P2IES
0000002d   P2IE
0000002e   P2SEL
0000002f   P2REN
00000041   P1SEL2
00000042   P2SEL2
00000043   P3SEL2
00000048   ADC10DTC0
00000049   ADC10DTC1
0000004a   ADC10AE0
00000050   __STACK_SIZE
00000053   BCSCTL3
00000056   DCOCTL
00000057   BCSCTL1
00000058   BCSCTL2
00000059   CACTL1
0000005a   CACTL2
0000005b   CAPD
0000005d   UCA0ABCTL
0000005e   UCA0IRTCTL
0000005f   UCA0IRRCTL
00000060   UCA0CTL0
00000061   UCA0CTL1
00000062   UCA0BR0
00000063   UCA0BR1
00000064   UCA0MCTL
00000065   UCA0STAT
00000066   UCA0RXBUF
00000067   UCA0TXBUF
00000068   UCB0CTL0
00000069   UCB0CTL1
0000006a   UCB0BR0
0000006b   UCB0BR1
0000006c   UCB0I2CIE
0000006d   UCB0STAT
0000006e   UCB0RXBUF
0000006f   UCB0TXBUF
00000118   UCB0I2COA
0000011a   UCB0I2CSA
0000011e   TA1IV
00000120   WDTCTL
00000128   FCTL1
0000012a   FCTL2
0000012c   FCTL3
0000012e   TA0IV
00000160   TA0CTL
00000162   TA0CCTL0
00000164   TA0CCTL1
00000166   TA0CCTL2
00000170   TA0R
00000172   TA0CCR0
00000174   TA0CCR1
00000176   TA0CCR2
00000180   TA1CTL
00000182   TA1CCTL0
00000184   TA1CCTL1
00000186   TA1CCTL2
00000190   TA1R
00000192   TA1CCR0
00000194   TA1CCR1
00000196   TA1CCR2
000001b0   ADC10CTL0
000001b2   ADC10CTL1
000001b4   ADC10MEM
000001bc   ADC10SA
00000200   str
00000204   direction
00000206   state
000003b0   _stack
00000400   __STACK_END
000010f8   CALDCO_16MHZ
000010f9   CALBC1_16MHZ
000010fa   CALDCO_12MHZ
000010fb   CALBC1_12MHZ
000010fc   CALDCO_8MHZ
000010fd   CALBC1_8MHZ
000010fe   CALDCO_1MHZ
000010ff   CALBC1_1MHZ
0000c000   main
0000c556   __TI_frcmpyd
0000c84e   __mspabi_mpyd
0000cbba   __TI_printfi_minimal
0000cc84   __mspabi_mpyf
0000cd46   __mspabi_fltlid
0000cdf6   setTime
0000ce86   lcdInit
0000cf10   __mspabi_fixdli
0000cf98   ltoa
0000d01c   adc_measure
0000d09a   __mspabi_fixfi
0000d160   _auto_init
0000d1be   __mspabi_srll_15
0000d1c4   __mspabi_srll_14
0000d1ca   __mspabi_srll_13
0000d1d0   __mspabi_srll_12
0000d1d6   __mspabi_srll_11
0000d1dc   __mspabi_srll_10
0000d1e2   __mspabi_srll_9
0000d1e8   __mspabi_srll_8
0000d1ee   __mspabi_srll_7
0000d1f4   __mspabi_srll_6
0000d1fa   __mspabi_srll_5
0000d200   __mspabi_srll_4
0000d206   __mspabi_srll_3
0000d20c   __mspabi_srll_2
0000d212   __mspabi_srll_1
0000d21a   __mspabi_divul
0000d21a   __mspabi_remul
0000d316   lcdSetText
0000d364   __mspabi_srli
0000d372   __mspabi_srli_15
0000d376   __mspabi_srli_14
0000d37a   __mspabi_srli_13
0000d37e   __mspabi_srli_12
0000d382   __mspabi_srli_11
0000d386   __mspabi_srli_10
0000d38a   __mspabi_srli_9
0000d38e   __mspabi_srli_8
0000d392   __mspabi_srli_7
0000d396   __mspabi_srli_6
0000d39a   __mspabi_srli_5
0000d39e   __mspabi_srli_4
0000d3a2   __mspabi_srli_3
0000d3a6   __mspabi_srli_2
0000d3aa   __mspabi_srli_1
0000d3f6   lcdWriteCmd
0000d43c   lcdWriteData
0000d482   __mspabi_divli
0000d482   __mspabi_remli
0000d4c2   __mspabi_sral_15
0000d4c6   __mspabi_sral_14
0000d4ca   __mspabi_sral_13
0000d4ce   __mspabi_sral_12
0000d4d2   __mspabi_sral_11
0000d4d6   __mspabi_sral_10
0000d4da   __mspabi_sral_9
0000d4de   __mspabi_sral_8
0000d4e2   __mspabi_sral_7
0000d4e6   __mspabi_sral_6
0000d4ea   __mspabi_sral_5
0000d4ee   __mspabi_sral_4
0000d4f2   __mspabi_sral_3
0000d4f6   __mspabi_sral_2
0000d4fa   __mspabi_sral_1
0000d500   __mspabi_slll_15
0000d504   __mspabi_slll_14
0000d508   __mspabi_slll_13
0000d50c   __mspabi_slll_12
0000d510   __mspabi_slll_11
0000d514   __mspabi_slll_10
0000d518   __mspabi_slll_9
0000d51c   __mspabi_slll_8
0000d520   __mspabi_slll_7
0000d524   __mspabi_slll_6
0000d528   __mspabi_slll_5
0000d52c   __mspabi_slll_4
0000d530   __mspabi_slll_3
0000d534   __mspabi_slll_2
0000d538   __mspabi_slll_1
0000d53e   sprintf
0000d576   __mspabi_fltif
0000d5ac   fNum
0000d5de   lcdSetInt
0000d63e   __mspabi_srai
0000d64a   __mspabi_srai_15
0000d64c   __mspabi_srai_14
0000d64e   __mspabi_srai_13
0000d650   __mspabi_srai_12
0000d652   __mspabi_srai_11
0000d654   __mspabi_srai_10
0000d656   __mspabi_srai_9
0000d658   __mspabi_srai_8
0000d65a   __mspabi_srai_7
0000d65c   __mspabi_srai_6
0000d65e   __mspabi_srai_5
0000d660   __mspabi_srai_4
0000d662   __mspabi_srai_3
0000d664   __mspabi_srai_2
0000d666   __mspabi_srai_1
0000d66a   __mspabi_slli
0000d676   __mspabi_slli_15
0000d678   __mspabi_slli_14
0000d67a   __mspabi_slli_13
0000d67c   __mspabi_slli_12
0000d67e   __mspabi_slli_11
0000d680   __mspabi_slli_10
0000d682   __mspabi_slli_9
0000d684   __mspabi_slli_8
0000d686   __mspabi_slli_7
0000d688   __mspabi_slli_6
0000d68a   __mspabi_slli_5
0000d68c   __mspabi_slli_4
0000d68e   __mspabi_slli_3
0000d690   __mspabi_slli_2
0000d692   __mspabi_slli_1
0000d696   serial_init
0000d6c0   __mspabi_mpyl
0000d6e6   memccpy
0000d702   _c_int00
0000d702   _c_int00_noexit
0000d74e   __mspabi_divu
0000d74e   __mspabi_remu
0000d764   __TI_zero_init
0000d778   memset
0000d78c   __mspabi_mpyi
0000d7b2   clock_init
0000d7c4   __TI_decompress_none
0000d7d6   __mspabi_srll
0000d7e8   memcpy
0000d7fa   __mspabi_func_epilog_7
0000d7fc   __mspabi_func_epilog_6
0000d7fe   __mspabi_func_epilog_5
0000d800   __mspabi_func_epilog_4
0000d802   __mspabi_func_epilog_3
0000d804   __mspabi_func_epilog_2
0000d806   __mspabi_func_epilog_1
0000d80a   lcdTriggerEN
0000d818   strlen
0000d826   __mspabi_fltid
0000d832   serial_charTX
0000d83e   abs
0000d848   adc_init
0000d850   lcdClear
0000d858   __TI_ISR_TRAP
0000d85e   __TI_decompress_rle24
0000d864   _system_pre_init
0000d868   C$$EXIT
0000d868   abort
0000d960   __TI_Handler_Table_Base
0000d966   __TI_Handler_Table_Limit
0000d96a   __TI_CINIT_Base
0000d972   __TI_CINIT_Limit
0000ffe4   __TI_int02
0000ffe6   __TI_int03
0000ffea   __TI_int05
0000ffec   __TI_int06
0000ffee   __TI_int07
0000fff0   __TI_int08
0000fff2   __TI_int09
0000fff4   __TI_int10
0000fff6   __TI_int11
0000fff8   __TI_int12
0000fffa   __TI_int13
0000fffc   __TI_int14
0000fffe   _reset_vector
ffffffff   __binit__
ffffffff   __c_args__
ffffffff   binit
UNDEFED    __TI_INITARRAY_Base
UNDEFED    __TI_INITARRAY_Limit

[273 symbols]
